#,,,,,,,,,,,,"generated_by='OpenQuake engine 3.8.0-gitc6c6713043', start_date='2019-10-31T10:43:55', checksum=2222455174, kind='mean', investigation_time=1.0, imt='SA(1.0)'"
lon,lat,depth,poe-0.0050000,poe-0.0097294,poe-0.0189324,poe-0.0368403,poe-0.0716871,poe-0.1394951,poe-0.2714418,poe-0.5281952,poe-1.0278085,poe-2.0000000
-180.00000,-27.00000,0.00000,6.105420E-05,2.189604E-05,6.204734E-06,1.323741E-06,1.945751E-07,1.729934E-08,7.167471E-10,2.553346E-12,0.000000E+00,0.000000E+00
-178.00000,-28.00000,0.00000,2.985711E-01,1.804259E-01,8.877081E-02,3.674733E-02,1.322767E-02,3.972713E-03,8.723505E-04,1.156352E-04,5.392220E-06,0.000000E+00
179.00000,-26.00000,0.00000,9.431643E-05,3.415149E-05,9.949350E-06,2.232037E-06,3.581120E-07,3.832444E-08,2.579806E-09,8.367571E-11,0.000000E+00,0.000000E+00
-180.00000,-30.00000,0.00000,1.875958E-01,1.035484E-01,4.975216E-02,1.974059E-02,5.966919E-03,1.320072E-03,2.047358E-04,1.827165E-05,2.738743E-07,0.000000E+00
-180.00000,-28.00000,0.00000,6.309208E-02,3.106541E-02,1.319203E-02,4.843045E-03,1.470032E-03,3.388944E-04,5.101568E-05,3.513352E-06,0.000000E+00,0.000000E+00
