#,,,,,,,,,,,,"generated_by='OpenQuake engine 3.8.0-git90848c6505', start_date='2019-10-31T10:31:41', checksum=1406686210, kind='mean', investigation_time=1.0, imt='SA(1.0)'"
lon,lat,depth,poe-0.0050000,poe-0.0097294,poe-0.0189324,poe-0.0368403,poe-0.0716871,poe-0.1394951,poe-0.2714418,poe-0.5281952,poe-1.0278085,poe-2.0000000
-180.00000,-27.00000,0.00000,5.973996E-05,2.260145E-05,6.789117E-06,1.542102E-06,2.448037E-07,2.424290E-08,1.245390E-09,5.106693E-12,0.000000E+00,0.000000E+00
-178.00000,-28.00000,0.00000,3.819563E-01,2.541211E-01,1.349973E-01,5.598670E-02,1.779933E-02,4.118180E-03,6.112315E-04,4.734819E-05,7.713064E-07,0.000000E+00
179.00000,-26.00000,0.00000,9.269654E-05,3.546206E-05,1.090804E-05,2.591479E-06,4.444690E-07,5.197007E-08,4.066634E-09,1.649804E-10,0.000000E+00,0.000000E+00
-180.00000,-30.00000,0.00000,2.475703E-01,1.357604E-01,5.910861E-02,1.974556E-02,4.731201E-03,7.405012E-04,6.641459E-05,2.543003E-06,0.000000E+00,0.000000E+00
-180.00000,-28.00000,0.00000,8.255976E-02,3.876790E-02,1.429374E-02,4.020070E-03,7.666201E-04,7.691252E-05,1.511104E-06,0.000000E+00,0.000000E+00,0.000000E+00
