#,,,,,,,,,,,,"generated_by='OpenQuake engine 3.8.0-git11f9635769', start_date='2019-10-31T11:12:55', checksum=2222455174, kind='mean', investigation_time=1.0, imt='PGA'"
lon,lat,depth,poe-0.0050000,poe-0.0097294,poe-0.0189324,poe-0.0368403,poe-0.0716871,poe-0.1394951,poe-0.2714418,poe-0.5281952,poe-1.0278085,poe-2.0000000
-180.00000,-27.00000,0.00000,6.804831E-05,3.113285E-05,1.272543E-05,4.095982E-06,9.235643E-07,1.194124E-07,6.052841E-09,1.104544E-11,0.000000E+00,0.000000E+00
-178.00000,-28.00000,0.00000,4.376697E-01,3.266103E-01,1.991614E-01,9.330191E-02,3.191530E-02,7.576601E-03,1.115599E-03,8.110370E-05,1.807009E-06,0.000000E+00
179.00000,-26.00000,0.00000,1.144738E-04,4.792923E-05,1.822759E-05,5.774664E-06,1.376751E-06,2.239299E-07,2.043935E-08,6.356367E-10,0.000000E+00,0.000000E+00
-180.00000,-30.00000,0.00000,2.872386E-01,1.638792E-01,7.118744E-02,2.288020E-02,5.004584E-03,6.780077E-04,5.083431E-05,1.414301E-06,0.000000E+00,0.000000E+00
-180.00000,-28.00000,0.00000,8.999880E-02,3.971069E-02,1.299708E-02,3.019489E-03,4.238148E-04,2.551912E-05,1.447127E-08,0.000000E+00,0.000000E+00,0.000000E+00
